Archive member included to satisfy reference by file (symbol)

c:/program files (x86)/atmel/studio/7.0/toolchain/avr8/avr8-gnu-toolchain/bin/../lib/gcc/avr/5.4.0/avr5\libgcc.a(_exit.o)
                              C:/Program Files (x86)/Atmel/Studio/7.0/Packs/atmel/ATmega_DFP/1.6.364/gcc/dev/atmega32a/avr5/crtatmega32a.o (exit)
c:/program files (x86)/atmel/studio/7.0/toolchain/avr8/avr8-gnu-toolchain/bin/../lib/gcc/avr/5.4.0/avr5\libgcc.a(_copy_data.o)
                              APPLICATION/APP_PROGRAM.o (__do_copy_data)
c:/program files (x86)/atmel/studio/7.0/toolchain/avr8/avr8-gnu-toolchain/bin/../lib/gcc/avr/5.4.0/avr5\libgcc.a(_clear_bss.o)
                              APPLICATION/APP_PROGRAM.o (__do_clear_bss)

Allocating common symbols
Common symbol       size              file

DoorPosition        0x1               APPLICATION/APP_PROGRAM.o
DelayCounter1       0x4               APPLICATION/APP_PROGRAM.o
DelayCounter        0x4               APPLICATION/APP_PROGRAM.o

Discarded input sections

 .data          0x00000000        0x0 C:/Program Files (x86)/Atmel/Studio/7.0/Packs/atmel/ATmega_DFP/1.6.364/gcc/dev/atmega32a/avr5/crtatmega32a.o
 .bss           0x00000000        0x0 C:/Program Files (x86)/Atmel/Studio/7.0/Packs/atmel/ATmega_DFP/1.6.364/gcc/dev/atmega32a/avr5/crtatmega32a.o
 .text          0x00000000        0x0 APPLICATION/APP_PROGRAM.o
 .data          0x00000000        0x0 APPLICATION/APP_PROGRAM.o
 .bss           0x00000000        0x0 APPLICATION/APP_PROGRAM.o
 .text          0x00000000        0x0 HAL/DOOR/DOOR_PROGRAM.o
 .data          0x00000000        0x0 HAL/DOOR/DOOR_PROGRAM.o
 .bss           0x00000000        0x0 HAL/DOOR/DOOR_PROGRAM.o
 .text          0x00000000        0x0 HAL/EEPROM/EEPROM_PROGRAM.o
 .data          0x00000000        0x0 HAL/EEPROM/EEPROM_PROGRAM.o
 .bss           0x00000000        0x0 HAL/EEPROM/EEPROM_PROGRAM.o
 .text.EEPROM_SENDBYTE
                0x00000000       0x30 HAL/EEPROM/EEPROM_PROGRAM.o
 .text.EEPROM_READBYTE
                0x00000000       0x44 HAL/EEPROM/EEPROM_PROGRAM.o
 .debug_info    0x00000000      0x210 HAL/EEPROM/EEPROM_PROGRAM.o
 .debug_abbrev  0x00000000       0xc7 HAL/EEPROM/EEPROM_PROGRAM.o
 .debug_loc     0x00000000      0x13c HAL/EEPROM/EEPROM_PROGRAM.o
 .debug_aranges
                0x00000000       0x28 HAL/EEPROM/EEPROM_PROGRAM.o
 .debug_ranges  0x00000000       0x18 HAL/EEPROM/EEPROM_PROGRAM.o
 .debug_line    0x00000000      0x119 HAL/EEPROM/EEPROM_PROGRAM.o
 .debug_str     0x00000000      0x241 HAL/EEPROM/EEPROM_PROGRAM.o
 .comment       0x00000000       0x31 HAL/EEPROM/EEPROM_PROGRAM.o
 .debug_frame   0x00000000       0x60 HAL/EEPROM/EEPROM_PROGRAM.o
 .text          0x00000000        0x0 HAL/IR SENSOR/IR_PROGRAM.o
 .data          0x00000000        0x0 HAL/IR SENSOR/IR_PROGRAM.o
 .bss           0x00000000        0x0 HAL/IR SENSOR/IR_PROGRAM.o
 .text          0x00000000        0x0 HAL/KEYPAD/KEYPAD_PROGRAM.o
 .data          0x00000000        0x0 HAL/KEYPAD/KEYPAD_PROGRAM.o
 .bss           0x00000000        0x0 HAL/KEYPAD/KEYPAD_PROGRAM.o
 .text          0x00000000        0x0 HAL/LCD/LCD_PROGRAM.o
 .data          0x00000000        0x0 HAL/LCD/LCD_PROGRAM.o
 .bss           0x00000000        0x0 HAL/LCD/LCD_PROGRAM.o
 .text          0x00000000        0x0 main.o
 .data          0x00000000        0x0 main.o
 .bss           0x00000000        0x0 main.o
 .text          0x00000000        0x0 MCAL/GPIO/DIO_PROGRAM.o
 .data          0x00000000        0x0 MCAL/GPIO/DIO_PROGRAM.o
 .bss           0x00000000        0x0 MCAL/GPIO/DIO_PROGRAM.o
 .text.PinToggle
                0x00000000       0x46 MCAL/GPIO/DIO_PROGRAM.o
 .text          0x00000000        0x0 MCAL/I2C/TWI_PROGRAM.o
 .data          0x00000000        0x0 MCAL/I2C/TWI_PROGRAM.o
 .bss           0x00000000        0x0 MCAL/I2C/TWI_PROGRAM.o
 .text.Twi_MasterInit
                0x00000000       0x2e MCAL/I2C/TWI_PROGRAM.o
 .text.Twi_MasterStart
                0x00000000       0x28 MCAL/I2C/TWI_PROGRAM.o
 .text.Twi_MasterRepeatedStart
                0x00000000       0x28 MCAL/I2C/TWI_PROGRAM.o
 .text.Twi_MasterSend_SLA_W
                0x00000000       0x26 MCAL/I2C/TWI_PROGRAM.o
 .text.Twi_MasterSend_SLA_R
                0x00000000       0x34 MCAL/I2C/TWI_PROGRAM.o
 .text.Twi_MastersendByte
                0x00000000       0x24 MCAL/I2C/TWI_PROGRAM.o
 .text.Twi_MasterReceiveByte
                0x00000000       0x22 MCAL/I2C/TWI_PROGRAM.o
 .text.Twi_MasterStop
                0x00000000       0x10 MCAL/I2C/TWI_PROGRAM.o
 .debug_info    0x00000000      0x279 MCAL/I2C/TWI_PROGRAM.o
 .debug_abbrev  0x00000000       0xb4 MCAL/I2C/TWI_PROGRAM.o
 .debug_loc     0x00000000      0x1b1 MCAL/I2C/TWI_PROGRAM.o
 .debug_aranges
                0x00000000       0x58 MCAL/I2C/TWI_PROGRAM.o
 .debug_ranges  0x00000000       0x48 MCAL/I2C/TWI_PROGRAM.o
 .debug_line    0x00000000      0x287 MCAL/I2C/TWI_PROGRAM.o
 .debug_str     0x00000000      0x2bc MCAL/I2C/TWI_PROGRAM.o
 .comment       0x00000000       0x31 MCAL/I2C/TWI_PROGRAM.o
 .debug_frame   0x00000000       0x94 MCAL/I2C/TWI_PROGRAM.o
 .text          0x00000000        0x0 MCAL/INTERNAL_EEPROM/MCU_EEPROM_PROGRAM.o
 .data          0x00000000        0x0 MCAL/INTERNAL_EEPROM/MCU_EEPROM_PROGRAM.o
 .bss           0x00000000        0x0 MCAL/INTERNAL_EEPROM/MCU_EEPROM_PROGRAM.o
 .text          0x00000000        0x0 MCAL/PWM0/PWMPROGRAM.o
 .data          0x00000000        0x0 MCAL/PWM0/PWMPROGRAM.o
 .bss           0x00000000        0x0 MCAL/PWM0/PWMPROGRAM.o
 .text          0x00000000        0x0 MCAL/Timer2/TIMER2_PROGRAM.o
 .data          0x00000000        0x0 MCAL/Timer2/TIMER2_PROGRAM.o
 .bss           0x00000000        0x0 MCAL/Timer2/TIMER2_PROGRAM.o
 .text.Timer2TOV_Init
                0x00000000       0x46 MCAL/Timer2/TIMER2_PROGRAM.o
 .text.Timer2CTC_Init
                0x00000000       0x48 MCAL/Timer2/TIMER2_PROGRAM.o
 .text.Timer2_Off
                0x00000000        0xa MCAL/Timer2/TIMER2_PROGRAM.o
 .text          0x00000000        0x0 c:/program files (x86)/atmel/studio/7.0/toolchain/avr8/avr8-gnu-toolchain/bin/../lib/gcc/avr/5.4.0/avr5\libgcc.a(_exit.o)
 .data          0x00000000        0x0 c:/program files (x86)/atmel/studio/7.0/toolchain/avr8/avr8-gnu-toolchain/bin/../lib/gcc/avr/5.4.0/avr5\libgcc.a(_exit.o)
 .bss           0x00000000        0x0 c:/program files (x86)/atmel/studio/7.0/toolchain/avr8/avr8-gnu-toolchain/bin/../lib/gcc/avr/5.4.0/avr5\libgcc.a(_exit.o)
 .text.libgcc.mul
                0x00000000        0x0 c:/program files (x86)/atmel/studio/7.0/toolchain/avr8/avr8-gnu-toolchain/bin/../lib/gcc/avr/5.4.0/avr5\libgcc.a(_exit.o)
 .text.libgcc.div
                0x00000000        0x0 c:/program files (x86)/atmel/studio/7.0/toolchain/avr8/avr8-gnu-toolchain/bin/../lib/gcc/avr/5.4.0/avr5\libgcc.a(_exit.o)
 .text.libgcc   0x00000000        0x0 c:/program files (x86)/atmel/studio/7.0/toolchain/avr8/avr8-gnu-toolchain/bin/../lib/gcc/avr/5.4.0/avr5\libgcc.a(_exit.o)
 .text.libgcc.prologue
                0x00000000        0x0 c:/program files (x86)/atmel/studio/7.0/toolchain/avr8/avr8-gnu-toolchain/bin/../lib/gcc/avr/5.4.0/avr5\libgcc.a(_exit.o)
 .text.libgcc.builtins
                0x00000000        0x0 c:/program files (x86)/atmel/studio/7.0/toolchain/avr8/avr8-gnu-toolchain/bin/../lib/gcc/avr/5.4.0/avr5\libgcc.a(_exit.o)
 .text.libgcc.fmul
                0x00000000        0x0 c:/program files (x86)/atmel/studio/7.0/toolchain/avr8/avr8-gnu-toolchain/bin/../lib/gcc/avr/5.4.0/avr5\libgcc.a(_exit.o)
 .text.libgcc.fixed
                0x00000000        0x0 c:/program files (x86)/atmel/studio/7.0/toolchain/avr8/avr8-gnu-toolchain/bin/../lib/gcc/avr/5.4.0/avr5\libgcc.a(_exit.o)
 .text          0x00000000        0x0 c:/program files (x86)/atmel/studio/7.0/toolchain/avr8/avr8-gnu-toolchain/bin/../lib/gcc/avr/5.4.0/avr5\libgcc.a(_copy_data.o)
 .data          0x00000000        0x0 c:/program files (x86)/atmel/studio/7.0/toolchain/avr8/avr8-gnu-toolchain/bin/../lib/gcc/avr/5.4.0/avr5\libgcc.a(_copy_data.o)
 .bss           0x00000000        0x0 c:/program files (x86)/atmel/studio/7.0/toolchain/avr8/avr8-gnu-toolchain/bin/../lib/gcc/avr/5.4.0/avr5\libgcc.a(_copy_data.o)
 .text.libgcc.mul
                0x00000000        0x0 c:/program files (x86)/atmel/studio/7.0/toolchain/avr8/avr8-gnu-toolchain/bin/../lib/gcc/avr/5.4.0/avr5\libgcc.a(_copy_data.o)
 .text.libgcc.div
                0x00000000        0x0 c:/program files (x86)/atmel/studio/7.0/toolchain/avr8/avr8-gnu-toolchain/bin/../lib/gcc/avr/5.4.0/avr5\libgcc.a(_copy_data.o)
 .text.libgcc   0x00000000        0x0 c:/program files (x86)/atmel/studio/7.0/toolchain/avr8/avr8-gnu-toolchain/bin/../lib/gcc/avr/5.4.0/avr5\libgcc.a(_copy_data.o)
 .text.libgcc.prologue
                0x00000000        0x0 c:/program files (x86)/atmel/studio/7.0/toolchain/avr8/avr8-gnu-toolchain/bin/../lib/gcc/avr/5.4.0/avr5\libgcc.a(_copy_data.o)
 .text.libgcc.builtins
                0x00000000        0x0 c:/program files (x86)/atmel/studio/7.0/toolchain/avr8/avr8-gnu-toolchain/bin/../lib/gcc/avr/5.4.0/avr5\libgcc.a(_copy_data.o)
 .text.libgcc.fmul
                0x00000000        0x0 c:/program files (x86)/atmel/studio/7.0/toolchain/avr8/avr8-gnu-toolchain/bin/../lib/gcc/avr/5.4.0/avr5\libgcc.a(_copy_data.o)
 .text.libgcc.fixed
                0x00000000        0x0 c:/program files (x86)/atmel/studio/7.0/toolchain/avr8/avr8-gnu-toolchain/bin/../lib/gcc/avr/5.4.0/avr5\libgcc.a(_copy_data.o)
 .text          0x00000000        0x0 c:/program files (x86)/atmel/studio/7.0/toolchain/avr8/avr8-gnu-toolchain/bin/../lib/gcc/avr/5.4.0/avr5\libgcc.a(_clear_bss.o)
 .data          0x00000000        0x0 c:/program files (x86)/atmel/studio/7.0/toolchain/avr8/avr8-gnu-toolchain/bin/../lib/gcc/avr/5.4.0/avr5\libgcc.a(_clear_bss.o)
 .bss           0x00000000        0x0 c:/program files (x86)/atmel/studio/7.0/toolchain/avr8/avr8-gnu-toolchain/bin/../lib/gcc/avr/5.4.0/avr5\libgcc.a(_clear_bss.o)
 .text.libgcc.mul
                0x00000000        0x0 c:/program files (x86)/atmel/studio/7.0/toolchain/avr8/avr8-gnu-toolchain/bin/../lib/gcc/avr/5.4.0/avr5\libgcc.a(_clear_bss.o)
 .text.libgcc.div
                0x00000000        0x0 c:/program files (x86)/atmel/studio/7.0/toolchain/avr8/avr8-gnu-toolchain/bin/../lib/gcc/avr/5.4.0/avr5\libgcc.a(_clear_bss.o)
 .text.libgcc   0x00000000        0x0 c:/program files (x86)/atmel/studio/7.0/toolchain/avr8/avr8-gnu-toolchain/bin/../lib/gcc/avr/5.4.0/avr5\libgcc.a(_clear_bss.o)
 .text.libgcc.prologue
                0x00000000        0x0 c:/program files (x86)/atmel/studio/7.0/toolchain/avr8/avr8-gnu-toolchain/bin/../lib/gcc/avr/5.4.0/avr5\libgcc.a(_clear_bss.o)
 .text.libgcc.builtins
                0x00000000        0x0 c:/program files (x86)/atmel/studio/7.0/toolchain/avr8/avr8-gnu-toolchain/bin/../lib/gcc/avr/5.4.0/avr5\libgcc.a(_clear_bss.o)
 .text.libgcc.fmul
                0x00000000        0x0 c:/program files (x86)/atmel/studio/7.0/toolchain/avr8/avr8-gnu-toolchain/bin/../lib/gcc/avr/5.4.0/avr5\libgcc.a(_clear_bss.o)
 .text.libgcc.fixed
                0x00000000        0x0 c:/program files (x86)/atmel/studio/7.0/toolchain/avr8/avr8-gnu-toolchain/bin/../lib/gcc/avr/5.4.0/avr5\libgcc.a(_clear_bss.o)

Memory Configuration

Name             Origin             Length             Attributes
text             0x00000000         0x00008000         xr
data             0x00800060         0x00000800         rw !x
eeprom           0x00810000         0x00000400         rw !x
fuse             0x00820000         0x00000002         rw !x
lock             0x00830000         0x00000400         rw !x
signature        0x00840000         0x00000400         rw !x
user_signatures  0x00850000         0x00000400         rw !x
*default*        0x00000000         0xffffffff

Linker script and memory map

LOAD C:/Program Files (x86)/Atmel/Studio/7.0/Packs/atmel/ATmega_DFP/1.6.364/gcc/dev/atmega32a/avr5/crtatmega32a.o
LOAD APPLICATION/APP_PROGRAM.o
LOAD HAL/DOOR/DOOR_PROGRAM.o
LOAD HAL/EEPROM/EEPROM_PROGRAM.o
LOAD HAL/IR SENSOR/IR_PROGRAM.o
LOAD HAL/KEYPAD/KEYPAD_PROGRAM.o
LOAD HAL/LCD/LCD_PROGRAM.o
LOAD main.o
LOAD MCAL/GPIO/DIO_PROGRAM.o
LOAD MCAL/I2C/TWI_PROGRAM.o
LOAD MCAL/INTERNAL_EEPROM/MCU_EEPROM_PROGRAM.o
LOAD MCAL/PWM0/PWMPROGRAM.o
LOAD MCAL/Timer2/TIMER2_PROGRAM.o
START GROUP
LOAD c:/program files (x86)/atmel/studio/7.0/toolchain/avr8/avr8-gnu-toolchain/bin/../lib/gcc/avr/5.4.0/../../../../avr/lib/avr5\libm.a
END GROUP
START GROUP
LOAD c:/program files (x86)/atmel/studio/7.0/toolchain/avr8/avr8-gnu-toolchain/bin/../lib/gcc/avr/5.4.0/avr5\libgcc.a
LOAD c:/program files (x86)/atmel/studio/7.0/toolchain/avr8/avr8-gnu-toolchain/bin/../lib/gcc/avr/5.4.0/../../../../avr/lib/avr5\libm.a
LOAD c:/program files (x86)/atmel/studio/7.0/toolchain/avr8/avr8-gnu-toolchain/bin/../lib/gcc/avr/5.4.0/../../../../avr/lib/avr5\libc.a
LOAD C:/Program Files (x86)/Atmel/Studio/7.0/Packs/atmel/ATmega_DFP/1.6.364/gcc/dev/atmega32a/avr5\libatmega32a.a
END GROUP
                [0x00000000]                __TEXT_REGION_ORIGIN__ = DEFINED (__TEXT_REGION_ORIGIN__)?__TEXT_REGION_ORIGIN__:0x0
                [0x00800060]                __DATA_REGION_ORIGIN__ = DEFINED (__DATA_REGION_ORIGIN__)?__DATA_REGION_ORIGIN__:0x800060
                [0x00008000]                __TEXT_REGION_LENGTH__ = DEFINED (__TEXT_REGION_LENGTH__)?__TEXT_REGION_LENGTH__:0x20000
                [0x00000800]                __DATA_REGION_LENGTH__ = DEFINED (__DATA_REGION_LENGTH__)?__DATA_REGION_LENGTH__:0xffa0
                [0x00000400]                __EEPROM_REGION_LENGTH__ = DEFINED (__EEPROM_REGION_LENGTH__)?__EEPROM_REGION_LENGTH__:0x10000
                [0x00000002]                __FUSE_REGION_LENGTH__ = DEFINED (__FUSE_REGION_LENGTH__)?__FUSE_REGION_LENGTH__:0x400
                0x00000400                __LOCK_REGION_LENGTH__ = DEFINED (__LOCK_REGION_LENGTH__)?__LOCK_REGION_LENGTH__:0x400
                0x00000400                __SIGNATURE_REGION_LENGTH__ = DEFINED (__SIGNATURE_REGION_LENGTH__)?__SIGNATURE_REGION_LENGTH__:0x400
                0x00000400                __USER_SIGNATURE_REGION_LENGTH__ = DEFINED (__USER_SIGNATURE_REGION_LENGTH__)?__USER_SIGNATURE_REGION_LENGTH__:0x400

.hash
 *(.hash)

.dynsym
 *(.dynsym)

.dynstr
 *(.dynstr)

.gnu.version
 *(.gnu.version)

.gnu.version_d
 *(.gnu.version_d)

.gnu.version_r
 *(.gnu.version_r)

.rel.init
 *(.rel.init)

.rela.init
 *(.rela.init)

.rel.text
 *(.rel.text)
 *(.rel.text.*)
 *(.rel.gnu.linkonce.t*)

.rela.text
 *(.rela.text)
 *(.rela.text.*)
 *(.rela.gnu.linkonce.t*)

.rel.fini
 *(.rel.fini)

.rela.fini
 *(.rela.fini)

.rel.rodata
 *(.rel.rodata)
 *(.rel.rodata.*)
 *(.rel.gnu.linkonce.r*)

.rela.rodata
 *(.rela.rodata)
 *(.rela.rodata.*)
 *(.rela.gnu.linkonce.r*)

.rel.data
 *(.rel.data)
 *(.rel.data.*)
 *(.rel.gnu.linkonce.d*)

.rela.data
 *(.rela.data)
 *(.rela.data.*)
 *(.rela.gnu.linkonce.d*)

.rel.ctors
 *(.rel.ctors)

.rela.ctors
 *(.rela.ctors)

.rel.dtors
 *(.rel.dtors)

.rela.dtors
 *(.rela.dtors)

.rel.got
 *(.rel.got)

.rela.got
 *(.rela.got)

.rel.bss
 *(.rel.bss)

.rela.bss
 *(.rela.bss)

.rel.plt
 *(.rel.plt)

.rela.plt
 *(.rela.plt)

.text           0x00000000      0xaca
 *(.vectors)
 .vectors       0x00000000       0x54 C:/Program Files (x86)/Atmel/Studio/7.0/Packs/atmel/ATmega_DFP/1.6.364/gcc/dev/atmega32a/avr5/crtatmega32a.o
                0x00000000                __vector_default
                0x00000000                __vectors
 *(.vectors)
 *(.progmem.gcc*)
                0x00000054                . = ALIGN (0x2)
                0x00000054                __trampolines_start = .
 *(.trampolines)
 .trampolines   0x00000054        0x0 linker stubs
 *(.trampolines*)
                0x00000054                __trampolines_end = .
 *libprintf_flt.a:*(.progmem.data)
 *libc.a:*(.progmem.data)
 *(.progmem*)
                0x00000054                . = ALIGN (0x2)
 *(.jumptables)
 *(.jumptables*)
 *(.lowtext)
 *(.lowtext*)
                0x00000054                __ctors_start = .
 *(.ctors)
                0x00000054                __ctors_end = .
                0x00000054                __dtors_start = .
 *(.dtors)
                0x00000054                __dtors_end = .
 SORT(*)(.ctors)
 SORT(*)(.dtors)
 *(.init0)
 .init0         0x00000054        0x0 C:/Program Files (x86)/Atmel/Studio/7.0/Packs/atmel/ATmega_DFP/1.6.364/gcc/dev/atmega32a/avr5/crtatmega32a.o
                0x00000054                __init
 *(.init0)
 *(.init1)
 *(.init1)
 *(.init2)
 .init2         0x00000054        0xc C:/Program Files (x86)/Atmel/Studio/7.0/Packs/atmel/ATmega_DFP/1.6.364/gcc/dev/atmega32a/avr5/crtatmega32a.o
 *(.init2)
 *(.init3)
 *(.init3)
 *(.init4)
 .init4         0x00000060       0x16 c:/program files (x86)/atmel/studio/7.0/toolchain/avr8/avr8-gnu-toolchain/bin/../lib/gcc/avr/5.4.0/avr5\libgcc.a(_copy_data.o)
                0x00000060                __do_copy_data
 .init4         0x00000076       0x10 c:/program files (x86)/atmel/studio/7.0/toolchain/avr8/avr8-gnu-toolchain/bin/../lib/gcc/avr/5.4.0/avr5\libgcc.a(_clear_bss.o)
                0x00000076                __do_clear_bss
 *(.init4)
 *(.init5)
 *(.init5)
 *(.init6)
 *(.init6)
 *(.init7)
 *(.init7)
 *(.init8)
 *(.init8)
 *(.init9)
 .init9         0x00000086        0x8 C:/Program Files (x86)/Atmel/Studio/7.0/Packs/atmel/ATmega_DFP/1.6.364/gcc/dev/atmega32a/avr5/crtatmega32a.o
 *(.init9)
 *(.text)
 .text          0x0000008e        0x4 C:/Program Files (x86)/Atmel/Studio/7.0/Packs/atmel/ATmega_DFP/1.6.364/gcc/dev/atmega32a/avr5/crtatmega32a.o
                0x0000008e                __vector_1
                0x0000008e                __vector_12
                0x0000008e                __bad_interrupt
                0x0000008e                __vector_6
                0x0000008e                __vector_3
                0x0000008e                __vector_11
                0x0000008e                __vector_13
                0x0000008e                __vector_17
                0x0000008e                __vector_19
                0x0000008e                __vector_7
                0x0000008e                __vector_9
                0x0000008e                __vector_2
                0x0000008e                __vector_15
                0x0000008e                __vector_8
                0x0000008e                __vector_14
                0x0000008e                __vector_10
                0x0000008e                __vector_16
                0x0000008e                __vector_18
                0x0000008e                __vector_20
                0x00000092                . = ALIGN (0x2)
 *(.text.*)
 .text.INITIALIZE_ALL
                0x00000092       0x3c APPLICATION/APP_PROGRAM.o
                0x00000092                INITIALIZE_ALL
 .text.BUZZERON
                0x000000ce       0x16 APPLICATION/APP_PROGRAM.o
                0x000000ce                BUZZERON
 .text.BUZZEROFF
                0x000000e4       0x16 APPLICATION/APP_PROGRAM.o
                0x000000e4                BUZZEROFF
 .text.AppWorking
                0x000000fa      0x1a8 APPLICATION/APP_PROGRAM.o
                0x000000fa                AppWorking
 .text.DoorInit
                0x000002a2       0x1e HAL/DOOR/DOOR_PROGRAM.o
                0x000002a2                DoorInit
 .text.DoorOpen
                0x000002c0       0x2e HAL/DOOR/DOOR_PROGRAM.o
                0x000002c0                DoorOpen
 .text.DoorClose
                0x000002ee       0x2e HAL/DOOR/DOOR_PROGRAM.o
                0x000002ee                DoorClose
 .text.IR_GET_READ
                0x0000031c       0x2e HAL/IR SENSOR/IR_PROGRAM.o
                0x0000031c                IR_GET_READ
 .text.KeyPad_GetKey
                0x0000034a       0xaa HAL/KEYPAD/KEYPAD_PROGRAM.o
 .text.KeyPad_Init
                0x000003f4       0x16 HAL/KEYPAD/KEYPAD_PROGRAM.o
                0x000003f4                KeyPad_Init
 .text.KeyPad_Work
                0x0000040a        0xa HAL/KEYPAD/KEYPAD_PROGRAM.o
                0x0000040a                KeyPad_Work
 .text.LCD_SEND_COMMAND
                0x00000414       0x64 HAL/LCD/LCD_PROGRAM.o
 .text.LCD_SEND_DATA
                0x00000478       0x64 HAL/LCD/LCD_PROGRAM.o
 .text.LCD_INIT
                0x000004dc       0x2e HAL/LCD/LCD_PROGRAM.o
                0x000004dc                LCD_INIT
 .text.LCD_OFF  0x0000050a        0xa HAL/LCD/LCD_PROGRAM.o
                0x0000050a                LCD_OFF
 .text.LCD_ON   0x00000514        0xa HAL/LCD/LCD_PROGRAM.o
                0x00000514                LCD_ON
 .text.LCD_SEND_STRING
                0x0000051e       0x20 HAL/LCD/LCD_PROGRAM.o
                0x0000051e                LCD_SEND_STRING
 .text.LCD_Clear
                0x0000053e       0x16 HAL/LCD/LCD_PROGRAM.o
                0x0000053e                LCD_Clear
 .text.LCD_SendChar
                0x00000554       0x16 HAL/LCD/LCD_PROGRAM.o
                0x00000554                LCD_SendChar
 .text.LCD_GOTO_XY
                0x0000056a       0x2a HAL/LCD/LCD_PROGRAM.o
                0x0000056a                LCD_GOTO_XY
 .text.main     0x00000594        0xa main.o
                0x00000594                main
 .text.PinConfig
                0x0000059e      0x108 MCAL/GPIO/DIO_PROGRAM.o
                0x0000059e                PinConfig
 .text.PinWrite
                0x000006a6       0xa6 MCAL/GPIO/DIO_PROGRAM.o
                0x000006a6                PinWrite
 .text.PinRead  0x0000074c       0x7c MCAL/GPIO/DIO_PROGRAM.o
                0x0000074c                PinRead
 .text.EEPROM_Write
                0x000007c8       0x42 MCAL/INTERNAL_EEPROM/MCU_EEPROM_PROGRAM.o
                0x000007c8                EEPROM_Write
 .text.EEPROM_READ
                0x0000080a       0x3a MCAL/INTERNAL_EEPROM/MCU_EEPROM_PROGRAM.o
                0x0000080a                EEPROM_READ
 .text.PwmInit  0x00000844       0x52 MCAL/PWM0/PWMPROGRAM.o
                0x00000844                PwmInit
 .text.PwmDuty  0x00000896        0x8 MCAL/PWM0/PWMPROGRAM.o
                0x00000896                PwmDuty
 .text.Timer2DelayCounter
                0x0000089e       0x46 MCAL/Timer2/TIMER2_PROGRAM.o
                0x0000089e                Timer2DelayCounter
 .text.Timer2_Reset
                0x000008e4       0x14 MCAL/Timer2/TIMER2_PROGRAM.o
                0x000008e4                Timer2_Reset
 .text.Timer2_delay_ms
                0x000008f8       0x5c MCAL/Timer2/TIMER2_PROGRAM.o
                0x000008f8                Timer2_delay_ms
 .text.Timer2_1ms_Init
                0x00000954       0x4e MCAL/Timer2/TIMER2_PROGRAM.o
                0x00000954                Timer2_1ms_Init
 .text.Timer2DelayNoInt
                0x000009a2       0x80 MCAL/Timer2/TIMER2_PROGRAM.o
                0x000009a2                Timer2DelayNoInt
 .text.__vector_4
                0x00000a22       0x52 MCAL/Timer2/TIMER2_PROGRAM.o
                0x00000a22                __vector_4
 .text.__vector_5
                0x00000a74       0x52 MCAL/Timer2/TIMER2_PROGRAM.o
                0x00000a74                __vector_5
                0x00000ac6                . = ALIGN (0x2)
 *(.fini9)
 .fini9         0x00000ac6        0x0 c:/program files (x86)/atmel/studio/7.0/toolchain/avr8/avr8-gnu-toolchain/bin/../lib/gcc/avr/5.4.0/avr5\libgcc.a(_exit.o)
                0x00000ac6                _exit
                0x00000ac6                exit
 *(.fini9)
 *(.fini8)
 *(.fini8)
 *(.fini7)
 *(.fini7)
 *(.fini6)
 *(.fini6)
 *(.fini5)
 *(.fini5)
 *(.fini4)
 *(.fini4)
 *(.fini3)
 *(.fini3)
 *(.fini2)
 *(.fini2)
 *(.fini1)
 *(.fini1)
 *(.fini0)
 .fini0         0x00000ac6        0x4 c:/program files (x86)/atmel/studio/7.0/toolchain/avr8/avr8-gnu-toolchain/bin/../lib/gcc/avr/5.4.0/avr5\libgcc.a(_exit.o)
 *(.fini0)
                0x00000aca                _etext = .

.data           0x00800060       0x54 load address 0x00000aca
                0x00800060                PROVIDE (__data_start, .)
 *(.data)
 *(.data*)
 *(.gnu.linkonce.d*)
 *(.rodata)
 *(.rodata*)
 .rodata.str1.1
                0x00800060       0x40 APPLICATION/APP_PROGRAM.o
 .rodata.keypadarr.1614
                0x008000a0        0xc HAL/KEYPAD/KEYPAD_PROGRAM.o
 .rodata.RowARRAY.1616
                0x008000ac        0x4 HAL/KEYPAD/KEYPAD_PROGRAM.o
 .rodata.ColumARRAY.1615
                0x008000b0        0x3 HAL/KEYPAD/KEYPAD_PROGRAM.o
 *(.gnu.linkonce.r*)
                0x008000b4                . = ALIGN (0x2)
 *fill*         0x008000b3        0x1 
                0x008000b4                _edata = .
                0x008000b4                PROVIDE (__data_end, .)

.bss            0x008000b4        0xe
                0x008000b4                PROVIDE (__bss_start, .)
 *(.bss)
 *(.bss*)
 .bss.wrongPW.1719
                0x008000b4        0x1 APPLICATION/APP_PROGRAM.o
 .bss.GbTo_CTCtim
                0x008000b5        0x2 MCAL/Timer2/TIMER2_PROGRAM.o
                0x008000b5                GbTo_CTCtim
 .bss.GbTo_TOVtim
                0x008000b7        0x2 MCAL/Timer2/TIMER2_PROGRAM.o
                0x008000b7                GbTo_TOVtim
 *(COMMON)
 COMMON         0x008000b9        0x9 APPLICATION/APP_PROGRAM.o
                0x008000b9                DoorPosition
                0x008000ba                DelayCounter1
                0x008000be                DelayCounter
                0x008000c2                PROVIDE (__bss_end, .)
                0x00000aca                __data_load_start = LOADADDR (.data)
                0x00000b1e                __data_load_end = (__data_load_start + SIZEOF (.data))

.noinit         0x008000c2        0x0
                [!provide]                PROVIDE (__noinit_start, .)
 *(.noinit*)
                [!provide]                PROVIDE (__noinit_end, .)
                0x008000c2                _end = .
                [!provide]                PROVIDE (__heap_start, .)

.eeprom         0x00810000        0x0
 *(.eeprom*)
                0x00810000                __eeprom_end = .

.fuse
 *(.fuse)
 *(.lfuse)
 *(.hfuse)
 *(.efuse)

.lock
 *(.lock*)

.signature
 *(.signature*)

.user_signatures
 *(.user_signatures*)

.stab
 *(.stab)

.stabstr
 *(.stabstr)

.stab.excl
 *(.stab.excl)

.stab.exclstr
 *(.stab.exclstr)

.stab.index
 *(.stab.index)

.stab.indexstr
 *(.stab.indexstr)

.comment        0x00000000       0x30
 *(.comment)
 .comment       0x00000000       0x30 APPLICATION/APP_PROGRAM.o
                                 0x31 (size before relaxing)
 .comment       0x00000030       0x31 HAL/DOOR/DOOR_PROGRAM.o
 .comment       0x00000030       0x31 HAL/IR SENSOR/IR_PROGRAM.o
 .comment       0x00000030       0x31 HAL/KEYPAD/KEYPAD_PROGRAM.o
 .comment       0x00000030       0x31 HAL/LCD/LCD_PROGRAM.o
 .comment       0x00000030       0x31 main.o
 .comment       0x00000030       0x31 MCAL/GPIO/DIO_PROGRAM.o
 .comment       0x00000030       0x31 MCAL/INTERNAL_EEPROM/MCU_EEPROM_PROGRAM.o
 .comment       0x00000030       0x31 MCAL/PWM0/PWMPROGRAM.o
 .comment       0x00000030       0x31 MCAL/Timer2/TIMER2_PROGRAM.o

.note.gnu.avr.deviceinfo
                0x00000000       0x3c
 .note.gnu.avr.deviceinfo
                0x00000000       0x3c C:/Program Files (x86)/Atmel/Studio/7.0/Packs/atmel/ATmega_DFP/1.6.364/gcc/dev/atmega32a/avr5/crtatmega32a.o

.note.gnu.build-id
 *(.note.gnu.build-id)

.debug
 *(.debug)

.line
 *(.line)

.debug_srcinfo
 *(.debug_srcinfo)

.debug_sfnames
 *(.debug_sfnames)

.debug_aranges  0x00000000      0x228
 *(.debug_aranges)
 .debug_aranges
                0x00000000       0x38 APPLICATION/APP_PROGRAM.o
 .debug_aranges
                0x00000038       0x30 HAL/DOOR/DOOR_PROGRAM.o
 .debug_aranges
                0x00000068       0x20 HAL/IR SENSOR/IR_PROGRAM.o
 .debug_aranges
                0x00000088       0x30 HAL/KEYPAD/KEYPAD_PROGRAM.o
 .debug_aranges
                0x000000b8       0x60 HAL/LCD/LCD_PROGRAM.o
 .debug_aranges
                0x00000118       0x20 main.o
 .debug_aranges
                0x00000138       0x38 MCAL/GPIO/DIO_PROGRAM.o
 .debug_aranges
                0x00000170       0x28 MCAL/INTERNAL_EEPROM/MCU_EEPROM_PROGRAM.o
 .debug_aranges
                0x00000198       0x28 MCAL/PWM0/PWMPROGRAM.o
 .debug_aranges
                0x000001c0       0x68 MCAL/Timer2/TIMER2_PROGRAM.o

.debug_pubnames
 *(.debug_pubnames)

.debug_info     0x00000000     0x1fee
 *(.debug_info .gnu.linkonce.wi.*)
 .debug_info    0x00000000      0x4e6 C:/Program Files (x86)/Atmel/Studio/7.0/Packs/atmel/ATmega_DFP/1.6.364/gcc/dev/atmega32a/avr5/crtatmega32a.o
 .debug_info    0x000004e6      0x6e8 APPLICATION/APP_PROGRAM.o
 .debug_info    0x00000bce      0x219 HAL/DOOR/DOOR_PROGRAM.o
 .debug_info    0x00000de7       0xf2 HAL/IR SENSOR/IR_PROGRAM.o
 .debug_info    0x00000ed9      0x2ae HAL/KEYPAD/KEYPAD_PROGRAM.o
 .debug_info    0x00001187      0x5e1 HAL/LCD/LCD_PROGRAM.o
 .debug_info    0x00001768       0x7d main.o
 .debug_info    0x000017e5      0x208 MCAL/GPIO/DIO_PROGRAM.o
 .debug_info    0x000019ed      0x18c MCAL/INTERNAL_EEPROM/MCU_EEPROM_PROGRAM.o
 .debug_info    0x00001b79      0x147 MCAL/PWM0/PWMPROGRAM.o
 .debug_info    0x00001cc0      0x32e MCAL/Timer2/TIMER2_PROGRAM.o

.debug_abbrev   0x00000000      0xd37
 *(.debug_abbrev)
 .debug_abbrev  0x00000000      0x4a3 C:/Program Files (x86)/Atmel/Studio/7.0/Packs/atmel/ATmega_DFP/1.6.364/gcc/dev/atmega32a/avr5/crtatmega32a.o
 .debug_abbrev  0x000004a3       0xfc APPLICATION/APP_PROGRAM.o
 .debug_abbrev  0x0000059f       0xdb HAL/DOOR/DOOR_PROGRAM.o
 .debug_abbrev  0x0000067a       0x8f HAL/IR SENSOR/IR_PROGRAM.o
 .debug_abbrev  0x00000709      0x122 HAL/KEYPAD/KEYPAD_PROGRAM.o
 .debug_abbrev  0x0000082b      0x136 HAL/LCD/LCD_PROGRAM.o
 .debug_abbrev  0x00000961       0x5d main.o
 .debug_abbrev  0x000009be       0xf9 MCAL/GPIO/DIO_PROGRAM.o
 .debug_abbrev  0x00000ab7       0xb2 MCAL/INTERNAL_EEPROM/MCU_EEPROM_PROGRAM.o
 .debug_abbrev  0x00000b69       0xd6 MCAL/PWM0/PWMPROGRAM.o
 .debug_abbrev  0x00000c3f       0xf8 MCAL/Timer2/TIMER2_PROGRAM.o

.debug_line     0x00000000     0x155c
 *(.debug_line .debug_line.* .debug_line_end)
 .debug_line    0x00000000      0x116 C:/Program Files (x86)/Atmel/Studio/7.0/Packs/atmel/ATmega_DFP/1.6.364/gcc/dev/atmega32a/avr5/crtatmega32a.o
 .debug_line    0x00000116      0x3ee APPLICATION/APP_PROGRAM.o
 .debug_line    0x00000504      0x187 HAL/DOOR/DOOR_PROGRAM.o
 .debug_line    0x0000068b       0xc7 HAL/IR SENSOR/IR_PROGRAM.o
 .debug_line    0x00000752      0x16e HAL/KEYPAD/KEYPAD_PROGRAM.o
 .debug_line    0x000008c0      0x2ba HAL/LCD/LCD_PROGRAM.o
 .debug_line    0x00000b7a       0x6d main.o
 .debug_line    0x00000be7      0x3a2 MCAL/GPIO/DIO_PROGRAM.o
 .debug_line    0x00000f89      0x1af MCAL/INTERNAL_EEPROM/MCU_EEPROM_PROGRAM.o
 .debug_line    0x00001138      0x123 MCAL/PWM0/PWMPROGRAM.o
 .debug_line    0x0000125b      0x301 MCAL/Timer2/TIMER2_PROGRAM.o

.debug_frame    0x00000000      0x470
 *(.debug_frame)
 .debug_frame   0x00000000       0x6c APPLICATION/APP_PROGRAM.o
 .debug_frame   0x0000006c       0x44 HAL/DOOR/DOOR_PROGRAM.o
 .debug_frame   0x000000b0       0x34 HAL/IR SENSOR/IR_PROGRAM.o
 .debug_frame   0x000000e4       0x64 HAL/KEYPAD/KEYPAD_PROGRAM.o
 .debug_frame   0x00000148       0xd0 HAL/LCD/LCD_PROGRAM.o
 .debug_frame   0x00000218       0x24 main.o
 .debug_frame   0x0000023c       0x54 MCAL/GPIO/DIO_PROGRAM.o
 .debug_frame   0x00000290       0x34 MCAL/INTERNAL_EEPROM/MCU_EEPROM_PROGRAM.o
 .debug_frame   0x000002c4       0x40 MCAL/PWM0/PWMPROGRAM.o
 .debug_frame   0x00000304      0x16c MCAL/Timer2/TIMER2_PROGRAM.o

.debug_str      0x00000000      0x938
 *(.debug_str)
 .debug_str     0x00000000      0x196 C:/Program Files (x86)/Atmel/Studio/7.0/Packs/atmel/ATmega_DFP/1.6.364/gcc/dev/atmega32a/avr5/crtatmega32a.o
 .debug_str     0x00000196      0x296 APPLICATION/APP_PROGRAM.o
                                0x2b4 (size before relaxing)
 .debug_str     0x0000042c       0xa2 HAL/DOOR/DOOR_PROGRAM.o
                                0x22d (size before relaxing)
 .debug_str     0x000004ce       0x30 HAL/IR SENSOR/IR_PROGRAM.o
                                0x186 (size before relaxing)
 .debug_str     0x000004fe       0x7a HAL/KEYPAD/KEYPAD_PROGRAM.o
                                0x1f7 (size before relaxing)
 .debug_str     0x00000578       0xeb HAL/LCD/LCD_PROGRAM.o
                                0x2d4 (size before relaxing)
 .debug_str     0x00000663       0x11 main.o
                                0x106 (size before relaxing)
 .debug_str     0x00000674       0x7e MCAL/GPIO/DIO_PROGRAM.o
                                0x1f2 (size before relaxing)
 .debug_str     0x000006f2       0xa8 MCAL/INTERNAL_EEPROM/MCU_EEPROM_PROGRAM.o
                                0x223 (size before relaxing)
 .debug_str     0x0000079a       0x6b MCAL/PWM0/PWMPROGRAM.o
                                0x1cf (size before relaxing)
 .debug_str     0x00000805      0x133 MCAL/Timer2/TIMER2_PROGRAM.o
                                0x2e4 (size before relaxing)

.debug_loc      0x00000000     0x16ae
 *(.debug_loc)
 .debug_loc     0x00000000      0x109 APPLICATION/APP_PROGRAM.o
 .debug_loc     0x00000109       0x56 HAL/DOOR/DOOR_PROGRAM.o
 .debug_loc     0x0000015f       0x48 HAL/IR SENSOR/IR_PROGRAM.o
 .debug_loc     0x000001a7       0xfa HAL/KEYPAD/KEYPAD_PROGRAM.o
 .debug_loc     0x000002a1      0x2de HAL/LCD/LCD_PROGRAM.o
 .debug_loc     0x0000057f      0xb55 MCAL/GPIO/DIO_PROGRAM.o
 .debug_loc     0x000010d4       0xfa MCAL/INTERNAL_EEPROM/MCU_EEPROM_PROGRAM.o
 .debug_loc     0x000011ce       0xf4 MCAL/PWM0/PWMPROGRAM.o
 .debug_loc     0x000012c2      0x3ec MCAL/Timer2/TIMER2_PROGRAM.o

.debug_macinfo
 *(.debug_macinfo)

.debug_weaknames
 *(.debug_weaknames)

.debug_funcnames
 *(.debug_funcnames)

.debug_typenames
 *(.debug_typenames)

.debug_varnames
 *(.debug_varnames)

.debug_pubtypes
 *(.debug_pubtypes)

.debug_ranges   0x00000000      0x188
 *(.debug_ranges)
 .debug_ranges  0x00000000       0x28 APPLICATION/APP_PROGRAM.o
 .debug_ranges  0x00000028       0x20 HAL/DOOR/DOOR_PROGRAM.o
 .debug_ranges  0x00000048       0x10 HAL/IR SENSOR/IR_PROGRAM.o
 .debug_ranges  0x00000058       0x20 HAL/KEYPAD/KEYPAD_PROGRAM.o
 .debug_ranges  0x00000078       0x50 HAL/LCD/LCD_PROGRAM.o
 .debug_ranges  0x000000c8       0x10 main.o
 .debug_ranges  0x000000d8       0x28 MCAL/GPIO/DIO_PROGRAM.o
 .debug_ranges  0x00000100       0x18 MCAL/INTERNAL_EEPROM/MCU_EEPROM_PROGRAM.o
 .debug_ranges  0x00000118       0x18 MCAL/PWM0/PWMPROGRAM.o
 .debug_ranges  0x00000130       0x58 MCAL/Timer2/TIMER2_PROGRAM.o

.debug_macro
 *(.debug_macro)
OUTPUT(smart_door.elf elf32-avr)
LOAD linker stubs
